node : (node:5240) 
[MONGOOSE] Warning: 
Duplicate schema index on 
{"email":1} found. This is 
often due to declaring an 
index using both "index: 
true" and "schema.index()". 
Please remove the duplicate 
index definition.
At line:1 char:1
+ node server.js > r:\B2G\ba
ckend\error_log.txt 2>&1; 
Start-Sleep -Seco ...
+ ~~~~~~~~~~~~~~~~~~~~~~~~~~
~~~~~~~~~~~~~~~~~~~~~~~~
    + CategoryInfo          
    : NotSpecified: ((node  
  :5240) [MO...dex defini   
 tion.:String) [], Remot    
eException
    + FullyQualifiedErrorId 
    : NativeCommandError
 
(Use `node --trace-warnings 
...` to show where the 
warning was created)
(node:5240) [MONGOOSE] 
Warning: Duplicate schema 
index on {"phone":1} found. 
This is often due to 
declaring an index using 
both "index: true" and 
"schema.index()". Please 
remove the duplicate index 
definition.
Γ¥î MongoDB connection 
failed: Could not connect 
to any servers in your 
MongoDB Atlas cluster. One 
common reason is that 
you're trying to access the 
database from an IP that 
isn't whitelisted. Make 
sure your current IP 
address is on your Atlas 
cluster's IP whitelist: http
s://www.mongodb.com/docs/atl
as/security-whitelist/
